oto obrazy
sû sklej pw 90 np 672
wrïã pw 90 np 150 lw 90 np 4 ws 8 np 4 lw 62
powtïrz 224 [pod np 169.9 opu np 0.1 pod ws 170 lw 0.25] pw 28
opu np 75 pw 90 np 3 ws 6 np 3 lw 90 np 150
pw 90 np 3 ws 6 np 3 lw 90 np 75 pw 90
np 4 ws 8 np 4 pw 118 powtïrz 224 [pod np 169.9 opu np 0.1 pod ws 170 lw 0.25]
pw 28
np 150 pw 90 ws 85
powtïrz 8 [opu np 10 pod np 10] opu np 10 pod wrïã opu
juû
oto dane
wpisz [Podaj ogniskowá soczewki: f =] przyp "f cl
wpisz [Podaj odlegìoóã przedmiotu od soczewki: x =] przyp "x cl
wpisz [podaj wielkoóã przedmiotu: hp =] przyp "hp cl
czekaj 100
juû
oto obraz1
cs de zt sû
obrazy
dane
wyniki
promienie
juû
oto wyniki
zt
(pp [ogniskowa f =] :f)
(pp [odlegìoóã przedmiotu x =] :x)
(pp [wielkoóã przedmiotu hp =] :hp)
(pp [odlegìoóã obrazu y =] y)
(pp [wielkoóã obrazu ho =] ho)
juû
oto y
wy (zrïb :f) * (zrïb :x) / ((zrïb :x) - (zrïb :f))
juû
oto ho
wy (zrïb :hp) * (zrïb :f) / ((zrïb :x) - (zrïb :f))
juû
oto promienie
pod poz lista -(zrïb :x) 0 opu poz lista -(zrïb :x) (zrïb :hp) poz lista 0 -ho
pod poz lista -(zrïb :x) (zrïb :hp) opu poz lista 0 (zrïb :hp) poz lista y -ho
pod poz lista 0 -ho opu poz lista y -ho
pod poz lista y 0 opu poz lista y -ho
juû
przypisz "hp [50]
przypisz "x [200]
przypisz "f [100]
przypisz "a 10
x cl
wpisz [podaj wielkoóã pr
juû
oto obraz1
cs de zt
zt
obrazy
dane
wyniki
promienie
juû
oto